v1 longitudinal exit=0 1
v1 near-ground exit=0 1
v1 lateral-low exit=1 0
v1 diagonal exit=0 1
select_a longitudinal exit=0 1
select_a near-ground exit=0 1
select_a lateral-low exit=0 1
select_a diagonal exit=0 1
restart_a longitudinal exit=0 1
restart_a near-ground exit=0 1
restart_a lateral-low exit=1 0
restart_a diagonal exit=0 1
select_b longitudinal exit=1 0
select_b near-ground exit=0 1
select_b lateral-low exit=0 1
select_b diagonal exit=0 1
restart_b longitudinal exit=0 1
restart_b near-ground exit=0 1
restart_b lateral-low exit=0 1
restart_b diagonal exit=0 1
select_inject_stale diagonal exit=0 1
select_inject_supersede longitudinal exit=1 0
CAMPAIGN_DONE
