v1 longitudinal exit=0 1
v1 near-ground exit=0 1
v1 lateral-low exit=1 0
v1 diagonal exit=0 1
char_a longitudinal exit=1 0
char_a near-ground exit=1 0
char_a lateral-low exit=1 0
char_a diagonal exit=1 0
char_b longitudinal exit=1 0
char_b near-ground exit=1 0
char_b lateral-low exit=1 0
char_b diagonal exit=1 0
insitu_a longitudinal exit=0 1
insitu_a near-ground exit=0 1
insitu_a lateral-low exit=1 0
insitu_a diagonal exit=0 1
insitu_b longitudinal exit=0 1
insitu_b near-ground exit=0 1
insitu_b lateral-low exit=1 0
insitu_b diagonal exit=0 1
CAMPAIGN_DONE
