char_on near-ground exit=1 0
v1 longitudinal exit=0 1
v1 near-ground exit=0 1
v1 lateral-low exit=1 0
v1 diagonal exit=0 1
char_off longitudinal exit=1 0
char_on longitudinal exit=1 0
char_off near-ground exit=1 0
char_on near-ground skipped(done)
char_off lateral-low exit=1 0
char_on lateral-low exit=1 0
char_off diagonal exit=1 0
char_on diagonal exit=1 0
off_a longitudinal exit=0 1
on_a longitudinal exit=1 0
off_a near-ground exit=0 1
on_a near-ground exit=0 1
off_a lateral-low exit=0 1
on_a lateral-low exit=1 0
off_a diagonal exit=0 1
on_a diagonal exit=0 1
off_b longitudinal exit=0 1
on_b longitudinal exit=1 0
off_b near-ground exit=0 1
on_b near-ground exit=0 1
off_b lateral-low exit=0 1
on_b lateral-low exit=0 1
off_b diagonal exit=0 1
on_b diagonal exit=0 1
off_c longitudinal exit=0 1
on_c longitudinal exit=0 1
off_c near-ground exit=0 1
on_c near-ground exit=0 1
off_c lateral-low exit=1 0
on_c lateral-low exit=1 0
off_c diagonal exit=0 1
on_c diagonal exit=0 1
CAMPAIGN_DONE
