v1 longitudinal exit=0 1
v1 near-ground exit=0 1
v1 lateral-low exit=1 0
v1 diagonal exit=0 1
v1_independent longitudinal exit=1 0
v1_independent near-ground exit=1 0
v1_independent lateral-low exit=1 0
v1_independent diagonal exit=0 1
v2 longitudinal exit=0 1
v2 near-ground exit=0 1
v2 lateral-low exit=1 0
v2 diagonal exit=0 1
v2_repeat longitudinal exit=0 1
v2_repeat near-ground exit=0 1
v2_repeat lateral-low exit=0 1
v2_repeat diagonal exit=0 1
v2_inject_stale diagonal exit=0 1
v2_inject_supersede longitudinal exit=0 1
char_default longitudinal exit=1 0
char_default near-ground exit=1 0
char_default lateral-low exit=1 0
char_default diagonal exit=1 0
char_T longitudinal exit=1 0
char_T near-ground exit=1 0
char_T lateral-low exit=1 0
char_T diagonal exit=1 0
char_G longitudinal exit=1 0
char_G near-ground exit=1 0
char_G lateral-low exit=1 0
char_G diagonal exit=1 0
char_R longitudinal exit=1 0
char_R near-ground exit=1 0
char_R lateral-low exit=1 0
char_R diagonal exit=1 0
CAMPAIGN_DONE
