parity_d longitudinal exit=1 completed=0
ctrl_d longitudinal exit=1 completed=0
parity_d near-ground exit=0 completed=1
ctrl_d near-ground exit=0 completed=1
parity_d lateral-low exit=1 completed=0
ctrl_d lateral-low exit=0 completed=1
parity_d diagonal exit=1 completed=0
ctrl_d diagonal exit=1 completed=0
parity_e longitudinal exit=0 completed=1
ctrl_e longitudinal exit=1 completed=0
parity_e near-ground exit=0 completed=1
ctrl_e near-ground exit=0 completed=1
parity_e lateral-low exit=0 completed=1
ctrl_e lateral-low exit=1 completed=0
parity_e diagonal exit=1 completed=0
ctrl_e diagonal exit=1 completed=0
parity_f longitudinal exit=1 completed=0
ctrl_f longitudinal exit=1 completed=0
parity_f near-ground exit=0 completed=1
ctrl_f near-ground exit=0 completed=1
parity_f lateral-low exit=0 completed=1
ctrl_f lateral-low exit=0 completed=1
parity_f diagonal exit=1 completed=0
ctrl_f diagonal exit=1 completed=0
speed004 longitudinal exit=1 completed=0
speed004 near-ground exit=1 completed=1
speed016 longitudinal exit=1 completed=1
speed016 near-ground exit=1 completed=1
stop0425 longitudinal exit=0 completed=1
stop0425 near-ground exit=0 completed=1
lat022c longitudinal exit=0 completed=1
lat022c near-ground exit=0 completed=1
lat022u longitudinal exit=1 completed=0
lat022u near-ground exit=0 completed=1
CAMPAIGN2_DONE
