v1 longitudinal exit=0 completed=1
v1 near-ground exit=0 completed=1
v1 lateral-low exit=0 completed=1
v1 diagonal exit=0 completed=1
parity_a longitudinal exit=1 completed=0
parity_a near-ground exit=0 completed=1
parity_a lateral-low exit=1 completed=0
parity_a diagonal exit=1 completed=0
parity_b longitudinal exit=1 completed=0
parity_b near-ground exit=0 completed=1
parity_b lateral-low exit=1 completed=0
parity_b diagonal exit=1 completed=0
parity_c longitudinal exit=0 completed=1
parity_c near-ground exit=0 completed=1
parity_c lateral-low exit=0 completed=1
parity_c diagonal exit=1 completed=0
speed004 longitudinal exit=1 completed=0
speed004 near-ground exit=1 completed=0
speed016 longitudinal exit=1 completed=0
speed016 near-ground exit=1 completed=0
stop0425 longitudinal exit=1 completed=0
stop0425 near-ground exit=1 completed=0
lat022c longitudinal exit=1 completed=0
lat022c near-ground exit=1 completed=0
lat022u longitudinal exit=1 completed=0
lat022u near-ground exit=1 completed=0
CAMPAIGN_DONE
