[info] Loading default global configuration /usr/local/etc/mc_rtc.yaml
[info] Loading additional global configuration /home/harry/.config/mc_rtc/mc_rtc.yaml
[info] Loading additional global configuration /home/harry/TRIAD_SCIENTIFIC_AUDIT/research/triad_repair/evidence/gate3_longitudinal/global.yaml
[warning] Aliases object/box was already declared, new declaration from /home/harry/mc_rtc_ws/install/lib/mc_robots/aliases/object_aliases.yml will prevail
[warning] Aliases object/door was already declared, new declaration from /home/harry/mc_rtc_ws/install/lib/mc_robots/aliases/object_aliases.yml will prevail
[warning] Aliases object/litter was already declared, new declaration from /home/harry/mc_rtc_ws/install/lib/mc_robots/aliases/object_aliases.yml will prevail
[warning] Aliases object/nail was already declared, new declaration from /home/harry/mc_rtc_ws/install/lib/mc_robots/aliases/object_aliases.yml will prevail
[warning] Aliases object/pole was already declared, new declaration from /home/harry/mc_rtc_ws/install/lib/mc_robots/aliases/object_aliases.yml will prevail
[warning] Aliases object/printer was already declared, new declaration from /home/harry/mc_rtc_ws/install/lib/mc_robots/aliases/object_aliases.yml will prevail
[warning] Aliases object/seesaw was already declared, new declaration from /home/harry/mc_rtc_ws/install/lib/mc_robots/aliases/object_aliases.yml will prevail
[warning] Aliases object/valve was already declared, new declaration from /home/harry/mc_rtc_ws/install/lib/mc_robots/aliases/object_aliases.yml will prevail
[warning] Aliases object/valve_handle was already declared, new declaration from /home/harry/mc_rtc_ws/install/lib/mc_robots/aliases/object_aliases.yml will prevail
[warning] Aliases env/beam was already declared, new declaration from /home/harry/mc_rtc_ws/install/lib/mc_robots/aliases/env_aliases.yml will prevail
[warning] Aliases env/box was already declared, new declaration from /home/harry/mc_rtc_ws/install/lib/mc_robots/aliases/env_aliases.yml will prevail
[warning] Aliases env/box_table was already declared, new declaration from /home/harry/mc_rtc_ws/install/lib/mc_robots/aliases/env_aliases.yml will prevail
[warning] Aliases env/chair was already declared, new declaration from /home/harry/mc_rtc_ws/install/lib/mc_robots/aliases/env_aliases.yml will prevail
[warning] Aliases env/corniche was already declared, new declaration from /home/harry/mc_rtc_ws/install/lib/mc_robots/aliases/env_aliases.yml will prevail
[warning] Aliases env/crapahut was already declared, new declaration from /home/harry/mc_rtc_ws/install/lib/mc_robots/aliases/env_aliases.yml will prevail
[warning] Aliases env/crapahut_bricks was already declared, new declaration from /home/harry/mc_rtc_ws/install/lib/mc_robots/aliases/env_aliases.yml will prevail
[warning] Aliases env/door was already declared, new declaration from /home/harry/mc_rtc_ws/install/lib/mc_robots/aliases/env_aliases.yml will prevail
[warning] Aliases env/drc_terrain was already declared, new declaration from /home/harry/mc_rtc_ws/install/lib/mc_robots/aliases/env_aliases.yml will prevail
[warning] Aliases env/ground was already declared, new declaration from /home/harry/mc_rtc_ws/install/lib/mc_robots/aliases/env_aliases.yml will prevail
[warning] Aliases env/litter was already declared, new declaration from /home/harry/mc_rtc_ws/install/lib/mc_robots/aliases/env_aliases.yml will prevail
[warning] Aliases env/nail was already declared, new declaration from /home/harry/mc_rtc_ws/install/lib/mc_robots/aliases/env_aliases.yml will prevail
[warning] Aliases env/platform was already declared, new declaration from /home/harry/mc_rtc_ws/install/lib/mc_robots/aliases/env_aliases.yml will prevail
[warning] Aliases env/pole was already declared, new declaration from /home/harry/mc_rtc_ws/install/lib/mc_robots/aliases/env_aliases.yml will prevail
[warning] Aliases env/printer was already declared, new declaration from /home/harry/mc_rtc_ws/install/lib/mc_robots/aliases/env_aliases.yml will prevail
[warning] Aliases env/seesaw was already declared, new declaration from /home/harry/mc_rtc_ws/install/lib/mc_robots/aliases/env_aliases.yml will prevail
[warning] Aliases env/table was already declared, new declaration from /home/harry/mc_rtc_ws/install/lib/mc_robots/aliases/env_aliases.yml will prevail
[warning] Aliases env/table_printer was already declared, new declaration from /home/harry/mc_rtc_ws/install/lib/mc_robots/aliases/env_aliases.yml will prevail
[warning] Aliases env/valve was already declared, new declaration from /home/harry/mc_rtc_ws/install/lib/mc_robots/aliases/env_aliases.yml will prevail
[warning] Aliases env/valve_handle was already declared, new declaration from /home/harry/mc_rtc_ws/install/lib/mc_robots/aliases/env_aliases.yml will prevail
[info] GlobalPluginPaths: /usr/local/lib/mc_plugins
[info] GUI server disabled
[info] Enabled plugins: ROS (autoload)
[info] Loading additional plugin configuration: /usr/local/lib/mc_plugins/etc/ROS.yaml
[info] Loading additional controller configuration: /home/harry/TRIAD_SCIENTIFIC_AUDIT/research/triad_repair/evidence/gate3_longitudinal/modules/etc/HandoverInterceptionController.yaml
[info] Create controller HandoverInterceptionController
[info] robot config module: [object, /home/harry/TRIAD_SCIENTIFIC_AUDIT/call_object_description, call_object]
init_pos:
  translation: [0.92, 0, 0.55]
  rotation: [0.0, 1.5708, 0.0]
[info] Robots loaded in controller:
[info] - gen3_2f85
[info] - call_object
[info] MCController(base) ready
[info] Looking for state files in /home/harry/mc_rtc_ws/install/lib/mc_controller/fsm/states/data
[info] Added task FSM_posture_gen3_2f85
[warning] [PlanSelectionConfiguration] mode=binding_cost costConfigurationValid=true tieTolerance=1.000e-09 allowPhysicalExecution=false weightSumBeforeNormalization=1.000000 eventTimePolicy=global_time_plan timeTerm=search_to_completion
[info] [ReceiverArchitecture] architecture=v2_receding giverTruthModel=independent_scripted valid=true
[info] [HandoverInterception] physical task frame B=gen3_robotiq_85_base_link object=call_object/call_object dt=0.001000
[warning] [HandoverInterception] Cartesian task created but inactive. Initial uses joint posture and opens the gripper.
[warning] [MCController::HandoverInterceptionController] No state observation pipeline configured: the state of the real robots will not be estimated
[info] Will log controller outputs to /home/harry/TRIAD_SCIENTIFIC_AUDIT/research/triad_repair/evidence/gate3_longitudinal/CALL_DUAL_ACTUAL-HandoverInterceptionController-2026-09-17-08-16-25.bin
[info] Updated latest log symlink: /home/harry/TRIAD_SCIENTIFIC_AUDIT/research/triad_repair/evidence/gate3_longitudinal/CALL_DUAL_ACTUAL-HandoverInterceptionController-latest.bin
[info] Added task FSM_body6d_call_object_call_object
[WARN] [1789625785.931738867] [rcl]: ROS_LOCALHOST_ONLY is deprecated but still honored if it is enabled. Use ROS_AUTOMATIC_DISCOVERY_RANGE and ROS_STATIC_PEERS instead.
[WARN] [1789625785.931764249] [rcl]: 'localhost_only' is enabled, 'automatic_discovery_range' and 'static_peers' will be ignored.
[success] [mc_rtc::ROS] Starting ROS services
