r1/reactive longitudinal variant=reactive exit=1 completed=0
r1/predictive longitudinal variant=predictive exit=0 completed=1
r1/predictive_capability longitudinal variant=predictive_capability exit=0 completed=1
r1/full longitudinal variant=full exit=0 completed=1
r1/reactive near-ground variant=reactive exit=0 completed=1
r1/predictive near-ground variant=predictive exit=1 completed=0
r1/predictive_capability near-ground variant=predictive_capability exit=1 completed=0
r1/full near-ground variant=full exit=0 completed=1
r1/reactive lateral-low variant=reactive exit=0 completed=1
r1/predictive lateral-low variant=predictive exit=0 completed=1
r1/predictive_capability lateral-low variant=predictive_capability exit=0 completed=1
r1/full lateral-low variant=full exit=0 completed=1
r1/reactive diagonal variant=reactive exit=1 completed=0
r1/predictive diagonal variant=predictive exit=0 completed=1
r1/predictive_capability diagonal variant=predictive_capability exit=0 completed=1
r1/full diagonal variant=full exit=0 completed=1
r2/reactive longitudinal variant=reactive exit=1 completed=0
r2/predictive longitudinal variant=predictive exit=0 completed=1
r2/predictive_capability longitudinal variant=predictive_capability exit=0 completed=1
r2/full longitudinal variant=full exit=0 completed=1
r2/reactive near-ground variant=reactive exit=1 completed=0
r2/predictive near-ground variant=predictive exit=1 completed=0
r2/predictive_capability near-ground variant=predictive_capability exit=1 completed=0
r2/full near-ground variant=full exit=0 completed=1
r2/reactive lateral-low variant=reactive exit=0 completed=1
r2/predictive lateral-low variant=predictive exit=0 completed=1
r2/predictive_capability lateral-low variant=predictive_capability exit=0 completed=1
r2/full lateral-low variant=full exit=0 completed=1
r2/reactive diagonal variant=reactive exit=1 completed=0
r2/predictive diagonal variant=predictive exit=0 completed=1
r2/predictive_capability diagonal variant=predictive_capability exit=0 completed=1
r2/full diagonal variant=full exit=0 completed=1
r3/reactive longitudinal variant=reactive exit=1 completed=0
r3/predictive longitudinal variant=predictive exit=0 completed=1
r3/predictive_capability longitudinal variant=predictive_capability exit=0 completed=1
r3/full longitudinal variant=full exit=0 completed=1
r3/reactive near-ground variant=reactive exit=0 completed=1
r3/predictive near-ground variant=predictive exit=1 completed=0
r3/predictive_capability near-ground variant=predictive_capability exit=1 completed=0
r3/full near-ground variant=full exit=0 completed=1
r3/reactive lateral-low variant=reactive exit=0 completed=1
r3/predictive lateral-low variant=predictive exit=0 completed=1
r3/predictive_capability lateral-low variant=predictive_capability exit=0 completed=1
r3/full lateral-low variant=full exit=0 completed=1
r3/reactive diagonal variant=reactive exit=1 completed=0
r3/predictive diagonal variant=predictive exit=0 completed=1
r3/predictive_capability diagonal variant=predictive_capability exit=0 completed=1
r3/full diagonal variant=full exit=0 completed=1
regression/bank_search longitudinal variant=bank_search exit=1 completed=0
regression/bank_search near-ground variant=bank_search exit=0 completed=1
regression/bank_search lateral-low variant=bank_search exit=0 completed=1
regression/bank_search diagonal variant=bank_search exit=1 completed=0
CAMPAIGN_DONE
