[  3%] Building CXX object src/CMakeFiles/HandoverInterceptionController.dir/ReceiverV2.cpp.o
[  7%] Linking CXX shared library libHandoverInterceptionController.so
[ 11%] Built target HandoverInterceptionController
[ 18%] Linking CXX shared library HandoverInterceptionController_Initial.so
[ 18%] Linking CXX shared library HandoverInterceptionController_controller.so
[ 22%] Built target HandoverInterceptionController_controller
[ 25%] Built target HandoverInterceptionController_Initial
[ 33%] Linking CXX shared library HandoverInterceptionController_ObserveObject.so
[ 33%] Linking CXX shared library HandoverInterceptionController_SolveInterception.so
[ 37%] Built target HandoverInterceptionController_ObserveObject
[ 40%] Built target HandoverInterceptionController_SolveInterception
[ 44%] Linking CXX shared library HandoverInterceptionController_ExecuteCommittedReach.so
[ 48%] Linking CXX shared library HandoverInterceptionController_PresentationHold.so
[ 55%] Built target HandoverInterceptionController_PresentationHold
[ 55%] Built target HandoverInterceptionController_ExecuteCommittedReach
[ 62%] Linking CXX shared library HandoverInterceptionController_MovePregrasp.so
[ 62%] Linking CXX shared library HandoverInterceptionController_CaptureTransfer.so
[ 66%] Built target HandoverInterceptionController_MovePregrasp
[ 70%] Built target HandoverInterceptionController_CaptureTransfer
[ 74%] Linking CXX shared library HandoverInterceptionController_Completed.so
[ 77%] Linking CXX shared library HandoverInterceptionController_Retreat.so
[ 85%] Built target HandoverInterceptionController_Retreat
[ 85%] Built target HandoverInterceptionController_Completed
[ 92%] Linking CXX shared library HandoverInterceptionController_Failure.so
[ 92%] Linking CXX shared library HandoverInterceptionController_ReceiverV2.so
[ 96%] Built target HandoverInterceptionController_Failure
[100%] Built target HandoverInterceptionController_ReceiverV2
